// Jest Snapshot v1, https://goo.gl/fbAQLP

exports[`Layout testing render Layout 1`] = `
<div
  className="sc-bdVaJa kNCorC"
/>
`;
